Building for debug!
find: src: No such file or directory
main.cpp
apple_theme.cpp
menu.cpp
scene.cpp
scene_audio_player.cpp
scene_file_browser.cpp
scene_main_menu.cpp
scene_pdf_viewer.cpp
scene_photo_viewer.cpp
scene_settings.cpp
scene_video_player.cpp
scene_youtube.cpp
widget_captions.cpp
widget_player_hud.cpp
widget_sidebar.cpp
widget_tooltip.cpp
settings.cpp
logger.cpp
input_actions.cpp
http_client.cpp
invidious.cpp
/Users/owner/Documents/Github/CafeMP/src/network/invidious.cpp:14:5: error: stray '\' in program
   14 |     \"inv.nadeko.net\",
      |     ^
/Users/owner/Documents/Github/CafeMP/src/network/invidious.cpp:14:6: error: missing terminating " character [-Werror]
   14 |     \"inv.nadeko.net\",
      |      ^
/Users/owner/Documents/Github/CafeMP/src/network/invidious.cpp:14:6: error: missing terminating " character
   14 |     \"inv.nadeko.net\",
      |      ^~~~~~~~~~~~~~~~~~
/Users/owner/Documents/Github/CafeMP/src/network/invidious.cpp:15:5: error: stray '\' in program
   15 |     \"invidious.nerdvpn.de\",
      |     ^
/Users/owner/Documents/Github/CafeMP/src/network/invidious.cpp:15:6: error: missing terminating " character [-Werror]
   15 |     \"invidious.nerdvpn.de\",
      |      ^
/Users/owner/Documents/Github/CafeMP/src/network/invidious.cpp:15:6: error: missing terminating " character
   15 |     \"invidious.nerdvpn.de\",
      |      ^~~~~~~~~~~~~~~~~~~~~~~~
/Users/owner/Documents/Github/CafeMP/src/network/invidious.cpp:16:5: error: stray '\' in program
   16 |     \"invidious.privacyredirect.com\",
      |     ^
/Users/owner/Documents/Github/CafeMP/src/network/invidious.cpp:16:6: error: missing terminating " character [-Werror]
   16 |     \"invidious.privacyredirect.com\",
      |      ^
/Users/owner/Documents/Github/CafeMP/src/network/invidious.cpp:16:6: error: missing terminating " character
   16 |     \"invidious.privacyredirect.com\",
      |      ^~~~~~~~~~~~~~~~~~~~~~~~~~~~~~~~~
/Users/owner/Documents/Github/CafeMP/src/network/invidious.cpp:17:5: error: stray '\' in program
   17 |     \"inv.us.projectsegfau.lt\",
      |     ^
/Users/owner/Documents/Github/CafeMP/src/network/invidious.cpp:17:6: error: missing terminating " character [-Werror]
   17 |     \"inv.us.projectsegfau.lt\",
      |      ^
/Users/owner/Documents/Github/CafeMP/src/network/invidious.cpp:17:6: error: missing terminating " character
   17 |     \"inv.us.projectsegfau.lt\",
      |      ^~~~~~~~~~~~~~~~~~~~~~~~~~~
/Users/owner/Documents/Github/CafeMP/src/network/invidious.cpp:18:5: error: stray '\' in program
   18 |     \"invidious.io.lol\",
      |     ^
/Users/owner/Documents/Github/CafeMP/src/network/invidious.cpp:18:6: error: missing terminating " character [-Werror]
   18 |     \"invidious.io.lol\",
      |      ^
/Users/owner/Documents/Github/CafeMP/src/network/invidious.cpp:18:6: error: missing terminating " character
   18 |     \"invidious.io.lol\",
      |      ^~~~~~~~~~~~~~~~~~~~
/Users/owner/Documents/Github/CafeMP/src/network/invidious.cpp:19:5: error: stray '\' in program
   19 |     \"iv.nboeck.de\",
      |     ^
/Users/owner/Documents/Github/CafeMP/src/network/invidious.cpp:19:6: error: missing terminating " character [-Werror]
   19 |     \"iv.nboeck.de\",
      |      ^
/Users/owner/Documents/Github/CafeMP/src/network/invidious.cpp:19:6: error: missing terminating " character
   19 |     \"iv.nboeck.de\",
      |      ^~~~~~~~~~~~~~~~
/Users/owner/Documents/Github/CafeMP/src/network/invidious.cpp:20:5: error: stray '\' in program
   20 |     \"yewtu.be\"
      |     ^
/Users/owner/Documents/Github/CafeMP/src/network/invidious.cpp:20:6: error: missing terminating " character [-Werror]
   20 |     \"yewtu.be\"
      |      ^
/Users/owner/Documents/Github/CafeMP/src/network/invidious.cpp:20:6: error: missing terminating " character
   20 |     \"yewtu.be\"
      |      ^~~~~~~~~~~
cc1plus: all warnings being treated as errors
make[1]: *** [invidious.o] Error 1
make: *** [build] Error 2
